

================================================================
== Vitis HLS Report for 'gemm_kernel'
================================================================
* Date:           Wed Dec 25 10:52:54 2024

* Version:        2024.2 (Build 5238294 on Nov  8 2024)
* Project:        gemm_vitis
* Solution:       hls (Vivado IP Flow Target)
* Product family: zynq
* Target device:  xc7z020-clg400-1


================================================================
== Performance Estimates
================================================================
+ Timing: 
    * Summary: 
    +--------+----------+----------+------------+
    |  Clock |  Target  | Estimated| Uncertainty|
    +--------+----------+----------+------------+
    |ap_clk  |  10.00 ns|  8.494 ns|     2.70 ns|
    +--------+----------+----------+------------+

+ Latency: 
    * Summary: 
    +---------+---------+-----------+-----------+---------+---------+---------+
    |  Latency (cycles) |   Latency (absolute)  |      Interval     | Pipeline|
    |   min   |   max   |    min    |    max    |   min   |   max   |   Type  |
    +---------+---------+-----------+-----------+---------+---------+---------+
    |  2181518|  2181518|  21.815 ms|  21.815 ms|  2181519|  2181519|       no|
    +---------+---------+-----------+-----------+---------+---------+---------+

    + Detail: 
        * Instance: 
        +------------------------------------------------+-------------------------------------+---------+---------+----------+----------+-------+-------+------------------------------------------------+
        |                                                |                                     |  Latency (cycles) |  Latency (absolute) |    Interval   |                    Pipeline                    |
        |                    Instance                    |                Module               |   min   |   max   |    min   |    max   |  min  |  max  |                      Type                      |
        +------------------------------------------------+-------------------------------------+---------+---------+----------+----------+-------+-------+------------------------------------------------+
        |grp_gemm_kernel_Pipeline_compute_middle_fu_384  |gemm_kernel_Pipeline_compute_middle  |    16912|    16912|  0.169 ms|  0.169 ms|  16512|  16512|  loop auto-rewind stp (delay=0 clock cycles(s))|
        +------------------------------------------------+-------------------------------------+---------+---------+----------+----------+-------+-------+------------------------------------------------+

        * Loop: 
        +-----------------+---------+---------+----------+-----------+-----------+------+----------+
        |                 |  Latency (cycles) | Iteration|  Initiation Interval  | Trip |          |
        |    Loop Name    |   min   |   max   |  Latency |  achieved |   target  | Count| Pipelined|
        +-----------------+---------+---------+----------+-----------+-----------+------+----------+
        |- compute_outer  |  2181504|  2181504|     17043|          -|          -|   128|        no|
        +-----------------+---------+---------+----------+-----------+-----------+------+----------+



================================================================
== Utilization Estimates
================================================================
* Summary: 
+-----------------+---------+-----+--------+-------+-----+
|       Name      | BRAM_18K| DSP |   FF   |  LUT  | URAM|
+-----------------+---------+-----+--------+-------+-----+
|DSP              |        -|    -|       -|      -|    -|
|Expression       |        -|    -|       0|   9046|    -|
|FIFO             |        -|    -|       -|      -|    -|
|Instance         |        6|    5|   32805|  18542|    -|
|Memory           |        -|    -|       -|      -|    -|
|Multiplexer      |        -|    -|       0|    908|    -|
|Register         |        -|    -|   16472|      -|    -|
+-----------------+---------+-----+--------+-------+-----+
|Total            |        6|    5|   49277|  28496|    0|
+-----------------+---------+-----+--------+-------+-----+
|Available        |      280|  220|  106400|  53200|    0|
+-----------------+---------+-----+--------+-------+-----+
|Utilization (%)  |        2|    2|      46|     53|    0|
+-----------------+---------+-----+--------+-------+-----+

+ Detail: 
    * Instance: 
    +------------------------------------------------+-------------------------------------+---------+----+-------+-------+-----+
    |                    Instance                    |                Module               | BRAM_18K| DSP|   FF  |  LUT  | URAM|
    +------------------------------------------------+-------------------------------------+---------+----+-------+-------+-----+
    |control_r_s_axi_U                               |control_r_s_axi                      |        0|   0|    240|    424|    0|
    |control_s_axi_U                                 |control_s_axi                        |        0|   0|     36|     40|    0|
    |grp_gemm_kernel_Pipeline_compute_middle_fu_384  |gemm_kernel_Pipeline_compute_middle  |        0|   5|  30522|  16118|    0|
    |gmem0_m_axi_U                                   |gmem0_m_axi                          |        2|   0|    671|    657|    0|
    |gmem1_m_axi_U                                   |gmem1_m_axi                          |        2|   0|    671|    657|    0|
    |gmem2_m_axi_U                                   |gmem2_m_axi                          |        2|   0|    665|    646|    0|
    +------------------------------------------------+-------------------------------------+---------+----+-------+-------+-----+
    |Total                                           |                                     |        6|   5|  32805|  18542|    0|
    +------------------------------------------------+-------------------------------------+---------+----+-------+-------+-----+

    * DSP: 
    N/A

    * Memory: 
    N/A

    * FIFO: 
    N/A

    * Expression: 
    +-------------------------+----------+----+---+----+------------+------------+
    |      Variable Name      | Operation| DSP| FF| LUT| Bitwidth P0| Bitwidth P1|
    +-------------------------+----------+----+---+----+------------+------------+
    |add_ln16_100_fu_1194_p2  |         +|   0|  0|  71|          64|          16|
    |add_ln16_101_fu_1199_p2  |         +|   0|  0|  71|          64|          16|
    |add_ln16_102_fu_1204_p2  |         +|   0|  0|  71|          64|          16|
    |add_ln16_103_fu_1209_p2  |         +|   0|  0|  71|          64|          16|
    |add_ln16_104_fu_1214_p2  |         +|   0|  0|  71|          64|          16|
    |add_ln16_105_fu_1219_p2  |         +|   0|  0|  71|          64|          16|
    |add_ln16_106_fu_1224_p2  |         +|   0|  0|  71|          64|          16|
    |add_ln16_107_fu_1229_p2  |         +|   0|  0|  71|          64|          16|
    |add_ln16_108_fu_1234_p2  |         +|   0|  0|  71|          64|          16|
    |add_ln16_109_fu_1239_p2  |         +|   0|  0|  71|          64|          16|
    |add_ln16_10_fu_744_p2    |         +|   0|  0|  71|          64|          13|
    |add_ln16_110_fu_1244_p2  |         +|   0|  0|  71|          64|          16|
    |add_ln16_111_fu_1249_p2  |         +|   0|  0|  71|          64|          16|
    |add_ln16_112_fu_1254_p2  |         +|   0|  0|  71|          64|          16|
    |add_ln16_113_fu_1259_p2  |         +|   0|  0|  71|          64|          16|
    |add_ln16_114_fu_1264_p2  |         +|   0|  0|  71|          64|          16|
    |add_ln16_115_fu_1269_p2  |         +|   0|  0|  71|          64|          16|
    |add_ln16_116_fu_1274_p2  |         +|   0|  0|  71|          64|          16|
    |add_ln16_117_fu_1279_p2  |         +|   0|  0|  71|          64|          16|
    |add_ln16_118_fu_1284_p2  |         +|   0|  0|  71|          64|          16|
    |add_ln16_119_fu_1289_p2  |         +|   0|  0|  71|          64|          16|
    |add_ln16_11_fu_749_p2    |         +|   0|  0|  71|          64|          13|
    |add_ln16_120_fu_1294_p2  |         +|   0|  0|  71|          64|          16|
    |add_ln16_121_fu_1299_p2  |         +|   0|  0|  71|          64|          16|
    |add_ln16_122_fu_1304_p2  |         +|   0|  0|  71|          64|          16|
    |add_ln16_123_fu_1309_p2  |         +|   0|  0|  71|          64|          16|
    |add_ln16_124_fu_1314_p2  |         +|   0|  0|  71|          64|          16|
    |add_ln16_125_fu_1319_p2  |         +|   0|  0|  71|          64|          16|
    |add_ln16_126_fu_1324_p2  |         +|   0|  0|  71|          64|          16|
    |add_ln16_127_fu_2618_p2  |         +|   0|  0|  15|           8|           1|
    |add_ln16_12_fu_754_p2    |         +|   0|  0|  71|          64|          13|
    |add_ln16_13_fu_759_p2    |         +|   0|  0|  71|          64|          13|
    |add_ln16_14_fu_764_p2    |         +|   0|  0|  71|          64|          13|
    |add_ln16_15_fu_769_p2    |         +|   0|  0|  71|          64|          14|
    |add_ln16_16_fu_774_p2    |         +|   0|  0|  71|          64|          14|
    |add_ln16_17_fu_779_p2    |         +|   0|  0|  71|          64|          14|
    |add_ln16_18_fu_784_p2    |         +|   0|  0|  71|          64|          14|
    |add_ln16_19_fu_789_p2    |         +|   0|  0|  71|          64|          14|
    |add_ln16_1_fu_699_p2     |         +|   0|  0|  71|          64|          11|
    |add_ln16_20_fu_794_p2    |         +|   0|  0|  71|          64|          14|
    |add_ln16_21_fu_799_p2    |         +|   0|  0|  71|          64|          14|
    |add_ln16_22_fu_804_p2    |         +|   0|  0|  71|          64|          14|
    |add_ln16_23_fu_809_p2    |         +|   0|  0|  71|          64|          14|
    |add_ln16_24_fu_814_p2    |         +|   0|  0|  71|          64|          14|
    |add_ln16_25_fu_819_p2    |         +|   0|  0|  71|          64|          14|
    |add_ln16_26_fu_824_p2    |         +|   0|  0|  71|          64|          14|
    |add_ln16_27_fu_829_p2    |         +|   0|  0|  71|          64|          14|
    |add_ln16_28_fu_834_p2    |         +|   0|  0|  71|          64|          14|
    |add_ln16_29_fu_839_p2    |         +|   0|  0|  71|          64|          14|
    |add_ln16_2_fu_704_p2     |         +|   0|  0|  71|          64|          11|
    |add_ln16_30_fu_844_p2    |         +|   0|  0|  71|          64|          14|
    |add_ln16_31_fu_849_p2    |         +|   0|  0|  71|          64|          15|
    |add_ln16_32_fu_854_p2    |         +|   0|  0|  71|          64|          15|
    |add_ln16_33_fu_859_p2    |         +|   0|  0|  71|          64|          15|
    |add_ln16_34_fu_864_p2    |         +|   0|  0|  71|          64|          15|
    |add_ln16_35_fu_869_p2    |         +|   0|  0|  71|          64|          15|
    |add_ln16_36_fu_874_p2    |         +|   0|  0|  71|          64|          15|
    |add_ln16_37_fu_879_p2    |         +|   0|  0|  71|          64|          15|
    |add_ln16_38_fu_884_p2    |         +|   0|  0|  71|          64|          15|
    |add_ln16_39_fu_889_p2    |         +|   0|  0|  71|          64|          15|
    |add_ln16_3_fu_709_p2     |         +|   0|  0|  71|          64|          12|
    |add_ln16_40_fu_894_p2    |         +|   0|  0|  71|          64|          15|
    |add_ln16_41_fu_899_p2    |         +|   0|  0|  71|          64|          15|
    |add_ln16_42_fu_904_p2    |         +|   0|  0|  71|          64|          15|
    |add_ln16_43_fu_909_p2    |         +|   0|  0|  71|          64|          15|
    |add_ln16_44_fu_914_p2    |         +|   0|  0|  71|          64|          15|
    |add_ln16_45_fu_919_p2    |         +|   0|  0|  71|          64|          15|
    |add_ln16_46_fu_924_p2    |         +|   0|  0|  71|          64|          15|
    |add_ln16_47_fu_929_p2    |         +|   0|  0|  71|          64|          15|
    |add_ln16_48_fu_934_p2    |         +|   0|  0|  71|          64|          15|
    |add_ln16_49_fu_939_p2    |         +|   0|  0|  71|          64|          15|
    |add_ln16_4_fu_714_p2     |         +|   0|  0|  71|          64|          12|
    |add_ln16_50_fu_944_p2    |         +|   0|  0|  71|          64|          15|
    |add_ln16_51_fu_949_p2    |         +|   0|  0|  71|          64|          15|
    |add_ln16_52_fu_954_p2    |         +|   0|  0|  71|          64|          15|
    |add_ln16_53_fu_959_p2    |         +|   0|  0|  71|          64|          15|
    |add_ln16_54_fu_964_p2    |         +|   0|  0|  71|          64|          15|
    |add_ln16_55_fu_969_p2    |         +|   0|  0|  71|          64|          15|
    |add_ln16_56_fu_974_p2    |         +|   0|  0|  71|          64|          15|
    |add_ln16_57_fu_979_p2    |         +|   0|  0|  71|          64|          15|
    |add_ln16_58_fu_984_p2    |         +|   0|  0|  71|          64|          15|
    |add_ln16_59_fu_989_p2    |         +|   0|  0|  71|          64|          15|
    |add_ln16_5_fu_719_p2     |         +|   0|  0|  71|          64|          12|
    |add_ln16_60_fu_994_p2    |         +|   0|  0|  71|          64|          15|
    |add_ln16_61_fu_999_p2    |         +|   0|  0|  71|          64|          15|
    |add_ln16_62_fu_1004_p2   |         +|   0|  0|  71|          64|          15|
    |add_ln16_63_fu_1009_p2   |         +|   0|  0|  71|          64|          16|
    |add_ln16_64_fu_1014_p2   |         +|   0|  0|  71|          64|          16|
    |add_ln16_65_fu_1019_p2   |         +|   0|  0|  71|          64|          16|
    |add_ln16_66_fu_1024_p2   |         +|   0|  0|  71|          64|          16|
    |add_ln16_67_fu_1029_p2   |         +|   0|  0|  71|          64|          16|
    |add_ln16_68_fu_1034_p2   |         +|   0|  0|  71|          64|          16|
    |add_ln16_69_fu_1039_p2   |         +|   0|  0|  71|          64|          16|
    |add_ln16_6_fu_724_p2     |         +|   0|  0|  71|          64|          12|
    |add_ln16_70_fu_1044_p2   |         +|   0|  0|  71|          64|          16|
    |add_ln16_71_fu_1049_p2   |         +|   0|  0|  71|          64|          16|
    |add_ln16_72_fu_1054_p2   |         +|   0|  0|  71|          64|          16|
    |add_ln16_73_fu_1059_p2   |         +|   0|  0|  71|          64|          16|
    |add_ln16_74_fu_1064_p2   |         +|   0|  0|  71|          64|          16|
    |add_ln16_75_fu_1069_p2   |         +|   0|  0|  71|          64|          16|
    |add_ln16_76_fu_1074_p2   |         +|   0|  0|  71|          64|          16|
    |add_ln16_77_fu_1079_p2   |         +|   0|  0|  71|          64|          16|
    |add_ln16_78_fu_1084_p2   |         +|   0|  0|  71|          64|          16|
    |add_ln16_79_fu_1089_p2   |         +|   0|  0|  71|          64|          16|
    |add_ln16_7_fu_729_p2     |         +|   0|  0|  71|          64|          13|
    |add_ln16_80_fu_1094_p2   |         +|   0|  0|  71|          64|          16|
    |add_ln16_81_fu_1099_p2   |         +|   0|  0|  71|          64|          16|
    |add_ln16_82_fu_1104_p2   |         +|   0|  0|  71|          64|          16|
    |add_ln16_83_fu_1109_p2   |         +|   0|  0|  71|          64|          16|
    |add_ln16_84_fu_1114_p2   |         +|   0|  0|  71|          64|          16|
    |add_ln16_85_fu_1119_p2   |         +|   0|  0|  71|          64|          16|
    |add_ln16_86_fu_1124_p2   |         +|   0|  0|  71|          64|          16|
    |add_ln16_87_fu_1129_p2   |         +|   0|  0|  71|          64|          16|
    |add_ln16_88_fu_1134_p2   |         +|   0|  0|  71|          64|          16|
    |add_ln16_89_fu_1139_p2   |         +|   0|  0|  71|          64|          16|
    |add_ln16_8_fu_734_p2     |         +|   0|  0|  71|          64|          13|
    |add_ln16_90_fu_1144_p2   |         +|   0|  0|  71|          64|          16|
    |add_ln16_91_fu_1149_p2   |         +|   0|  0|  71|          64|          16|
    |add_ln16_92_fu_1154_p2   |         +|   0|  0|  71|          64|          16|
    |add_ln16_93_fu_1159_p2   |         +|   0|  0|  71|          64|          16|
    |add_ln16_94_fu_1164_p2   |         +|   0|  0|  71|          64|          16|
    |add_ln16_95_fu_1169_p2   |         +|   0|  0|  71|          64|          16|
    |add_ln16_96_fu_1174_p2   |         +|   0|  0|  71|          64|          16|
    |add_ln16_97_fu_1179_p2   |         +|   0|  0|  71|          64|          16|
    |add_ln16_98_fu_1184_p2   |         +|   0|  0|  71|          64|          16|
    |add_ln16_99_fu_1189_p2   |         +|   0|  0|  71|          64|          16|
    |add_ln16_9_fu_739_p2     |         +|   0|  0|  71|          64|          13|
    |add_ln16_fu_694_p2       |         +|   0|  0|  71|          64|          10|
    |icmp_ln16_fu_2612_p2     |      icmp|   0|  0|  14|           8|           9|
    +-------------------------+----------+----+---+----+------------+------------+
    |Total                    |          |   0|  0|9046|        8144|        1922|
    +-------------------------+----------+----+---+----+------------+------------+

    * Multiplexer: 
    +-----------------+-----+-----------+-----+-----------+
    |       Name      | LUT | Input Size| Bits| Total Bits|
    +-----------------+-----+-----------+-----+-----------+
    |ap_NS_fsm        |  780|        146|    1|        146|
    |gmem0_blk_n_AR   |    9|          2|    1|          2|
    |gmem0_blk_n_R    |    9|          2|    1|          2|
    |gmem1_0_ARVALID  |    9|          2|    1|          2|
    |gmem1_0_RREADY   |    9|          2|    1|          2|
    |gmem2_0_AWADDR   |   14|          3|   64|        192|
    |gmem2_0_AWLEN    |   14|          3|   32|         96|
    |gmem2_0_AWVALID  |   14|          3|    1|          3|
    |gmem2_0_BREADY   |   14|          3|    1|          3|
    |gmem2_0_WVALID   |    9|          2|    1|          2|
    |gmem2_blk_n_AW   |    9|          2|    1|          2|
    |gmem2_blk_n_B    |    9|          2|    1|          2|
    |i_fu_342         |    9|          2|    8|         16|
    +-----------------+-----+-----------+-----+-----------+
    |Total            |  908|        174|  114|        470|
    +-----------------+-----+-----------+-----+-----------+

    * Register: 
    +-------------------------------------------------------------+-----+----+-----+-----------+
    |                             Name                            |  FF | LUT| Bits| Const Bits|
    +-------------------------------------------------------------+-----+----+-----+-----------+
    |B_read_reg_3148                                              |   64|   0|   64|          0|
    |ap_CS_fsm                                                    |  145|   0|  145|          0|
    |empty_149_reg_4579                                           |   32|   0|   32|          0|
    |empty_150_reg_4584                                           |   32|   0|   32|          0|
    |empty_151_reg_4589                                           |   32|   0|   32|          0|
    |empty_152_reg_4594                                           |   32|   0|   32|          0|
    |empty_153_reg_4599                                           |   32|   0|   32|          0|
    |empty_154_reg_4604                                           |   32|   0|   32|          0|
    |empty_155_reg_4609                                           |   32|   0|   32|          0|
    |empty_156_reg_4614                                           |   32|   0|   32|          0|
    |empty_157_reg_4619                                           |   32|   0|   32|          0|
    |empty_158_reg_4624                                           |   32|   0|   32|          0|
    |empty_159_reg_4629                                           |   32|   0|   32|          0|
    |empty_160_reg_4634                                           |   32|   0|   32|          0|
    |empty_161_reg_4639                                           |   32|   0|   32|          0|
    |empty_162_reg_4644                                           |   32|   0|   32|          0|
    |empty_163_reg_4649                                           |   32|   0|   32|          0|
    |empty_164_reg_4654                                           |   32|   0|   32|          0|
    |empty_165_reg_4659                                           |   32|   0|   32|          0|
    |empty_166_reg_4664                                           |   32|   0|   32|          0|
    |empty_167_reg_4669                                           |   32|   0|   32|          0|
    |empty_168_reg_4674                                           |   32|   0|   32|          0|
    |empty_169_reg_4679                                           |   32|   0|   32|          0|
    |empty_170_reg_4684                                           |   32|   0|   32|          0|
    |empty_171_reg_4689                                           |   32|   0|   32|          0|
    |empty_172_reg_4694                                           |   32|   0|   32|          0|
    |empty_173_reg_4699                                           |   32|   0|   32|          0|
    |empty_174_reg_4704                                           |   32|   0|   32|          0|
    |empty_175_reg_4709                                           |   32|   0|   32|          0|
    |empty_176_reg_4714                                           |   32|   0|   32|          0|
    |empty_177_reg_4719                                           |   32|   0|   32|          0|
    |empty_178_reg_4724                                           |   32|   0|   32|          0|
    |empty_179_reg_4729                                           |   32|   0|   32|          0|
    |empty_180_reg_4734                                           |   32|   0|   32|          0|
    |empty_181_reg_4739                                           |   32|   0|   32|          0|
    |empty_182_reg_4744                                           |   32|   0|   32|          0|
    |empty_183_reg_4749                                           |   32|   0|   32|          0|
    |empty_184_reg_4754                                           |   32|   0|   32|          0|
    |empty_185_reg_4759                                           |   32|   0|   32|          0|
    |empty_186_reg_4764                                           |   32|   0|   32|          0|
    |empty_187_reg_4769                                           |   32|   0|   32|          0|
    |empty_188_reg_4774                                           |   32|   0|   32|          0|
    |empty_189_reg_4779                                           |   32|   0|   32|          0|
    |empty_190_reg_4784                                           |   32|   0|   32|          0|
    |empty_191_reg_4789                                           |   32|   0|   32|          0|
    |empty_192_reg_4794                                           |   32|   0|   32|          0|
    |empty_193_reg_4799                                           |   32|   0|   32|          0|
    |empty_194_reg_4804                                           |   32|   0|   32|          0|
    |empty_195_reg_4809                                           |   32|   0|   32|          0|
    |empty_196_reg_4814                                           |   32|   0|   32|          0|
    |empty_197_reg_4819                                           |   32|   0|   32|          0|
    |empty_198_reg_4824                                           |   32|   0|   32|          0|
    |empty_199_reg_4829                                           |   32|   0|   32|          0|
    |empty_200_reg_4834                                           |   32|   0|   32|          0|
    |empty_201_reg_4839                                           |   32|   0|   32|          0|
    |empty_202_reg_4844                                           |   32|   0|   32|          0|
    |empty_203_reg_4849                                           |   32|   0|   32|          0|
    |empty_204_reg_4854                                           |   32|   0|   32|          0|
    |empty_205_reg_4859                                           |   32|   0|   32|          0|
    |empty_206_reg_4864                                           |   32|   0|   32|          0|
    |empty_207_reg_4869                                           |   32|   0|   32|          0|
    |empty_208_reg_4874                                           |   32|   0|   32|          0|
    |empty_209_reg_4879                                           |   32|   0|   32|          0|
    |empty_210_reg_4884                                           |   32|   0|   32|          0|
    |empty_211_reg_4889                                           |   32|   0|   32|          0|
    |empty_212_reg_4894                                           |   32|   0|   32|          0|
    |empty_213_reg_4899                                           |   32|   0|   32|          0|
    |empty_214_reg_4904                                           |   32|   0|   32|          0|
    |empty_215_reg_4909                                           |   32|   0|   32|          0|
    |empty_216_reg_4914                                           |   32|   0|   32|          0|
    |empty_217_reg_4919                                           |   32|   0|   32|          0|
    |empty_218_reg_4924                                           |   32|   0|   32|          0|
    |empty_219_reg_4929                                           |   32|   0|   32|          0|
    |empty_220_reg_4934                                           |   32|   0|   32|          0|
    |empty_221_reg_4939                                           |   32|   0|   32|          0|
    |empty_222_reg_4944                                           |   32|   0|   32|          0|
    |empty_223_reg_4949                                           |   32|   0|   32|          0|
    |empty_224_reg_4954                                           |   32|   0|   32|          0|
    |empty_225_reg_4959                                           |   32|   0|   32|          0|
    |empty_226_reg_4964                                           |   32|   0|   32|          0|
    |empty_227_reg_4969                                           |   32|   0|   32|          0|
    |empty_228_reg_4974                                           |   32|   0|   32|          0|
    |empty_229_reg_4979                                           |   32|   0|   32|          0|
    |empty_230_reg_4984                                           |   32|   0|   32|          0|
    |empty_231_reg_4989                                           |   32|   0|   32|          0|
    |empty_232_reg_4994                                           |   32|   0|   32|          0|
    |empty_233_reg_4999                                           |   32|   0|   32|          0|
    |empty_234_reg_5004                                           |   32|   0|   32|          0|
    |empty_235_reg_5009                                           |   32|   0|   32|          0|
    |empty_236_reg_5014                                           |   32|   0|   32|          0|
    |empty_237_reg_5019                                           |   32|   0|   32|          0|
    |empty_238_reg_5024                                           |   32|   0|   32|          0|
    |empty_239_reg_5029                                           |   32|   0|   32|          0|
    |empty_240_reg_5034                                           |   32|   0|   32|          0|
    |empty_241_reg_5039                                           |   32|   0|   32|          0|
    |empty_242_reg_5044                                           |   32|   0|   32|          0|
    |empty_243_reg_5049                                           |   32|   0|   32|          0|
    |empty_244_reg_5054                                           |   32|   0|   32|          0|
    |empty_245_reg_5059                                           |   32|   0|   32|          0|
    |empty_246_reg_5064                                           |   32|   0|   32|          0|
    |empty_247_reg_5069                                           |   32|   0|   32|          0|
    |empty_248_reg_5074                                           |   32|   0|   32|          0|
    |empty_249_reg_5079                                           |   32|   0|   32|          0|
    |empty_250_reg_5084                                           |   32|   0|   32|          0|
    |empty_251_reg_5089                                           |   32|   0|   32|          0|
    |empty_252_reg_5094                                           |   32|   0|   32|          0|
    |empty_253_reg_5099                                           |   32|   0|   32|          0|
    |empty_254_reg_5104                                           |   32|   0|   32|          0|
    |empty_255_reg_5109                                           |   32|   0|   32|          0|
    |empty_256_reg_5114                                           |   32|   0|   32|          0|
    |empty_257_reg_5119                                           |   32|   0|   32|          0|
    |empty_258_reg_5124                                           |   32|   0|   32|          0|
    |empty_259_reg_5129                                           |   32|   0|   32|          0|
    |empty_260_reg_5134                                           |   32|   0|   32|          0|
    |empty_261_reg_5139                                           |   32|   0|   32|          0|
    |empty_262_reg_5144                                           |   32|   0|   32|          0|
    |empty_263_reg_5149                                           |   32|   0|   32|          0|
    |empty_264_reg_5154                                           |   32|   0|   32|          0|
    |empty_265_reg_5159                                           |   32|   0|   32|          0|
    |empty_266_reg_5164                                           |   32|   0|   32|          0|
    |empty_267_reg_5169                                           |   32|   0|   32|          0|
    |empty_268_reg_5174                                           |   32|   0|   32|          0|
    |empty_269_reg_5179                                           |   32|   0|   32|          0|
    |empty_270_reg_5184                                           |   32|   0|   32|          0|
    |empty_271_reg_5189                                           |   32|   0|   32|          0|
    |empty_272_reg_5194                                           |   32|   0|   32|          0|
    |empty_273_reg_5199                                           |   32|   0|   32|          0|
    |empty_274_reg_5204                                           |   32|   0|   32|          0|
    |empty_275_reg_5209                                           |   32|   0|   32|          0|
    |empty_276_reg_5214                                           |   32|   0|   32|          0|
    |gmem0_addr_read_100_reg_4439                                 |   32|   0|   32|          0|
    |gmem0_addr_read_101_reg_4444                                 |   32|   0|   32|          0|
    |gmem0_addr_read_102_reg_4449                                 |   32|   0|   32|          0|
    |gmem0_addr_read_103_reg_4454                                 |   32|   0|   32|          0|
    |gmem0_addr_read_104_reg_4459                                 |   32|   0|   32|          0|
    |gmem0_addr_read_105_reg_4464                                 |   32|   0|   32|          0|
    |gmem0_addr_read_106_reg_4469                                 |   32|   0|   32|          0|
    |gmem0_addr_read_107_reg_4474                                 |   32|   0|   32|          0|
    |gmem0_addr_read_108_reg_4479                                 |   32|   0|   32|          0|
    |gmem0_addr_read_109_reg_4484                                 |   32|   0|   32|          0|
    |gmem0_addr_read_10_reg_3989                                  |   32|   0|   32|          0|
    |gmem0_addr_read_110_reg_4489                                 |   32|   0|   32|          0|
    |gmem0_addr_read_111_reg_4494                                 |   32|   0|   32|          0|
    |gmem0_addr_read_112_reg_4499                                 |   32|   0|   32|          0|
    |gmem0_addr_read_113_reg_4504                                 |   32|   0|   32|          0|
    |gmem0_addr_read_114_reg_4509                                 |   32|   0|   32|          0|
    |gmem0_addr_read_115_reg_4514                                 |   32|   0|   32|          0|
    |gmem0_addr_read_116_reg_4519                                 |   32|   0|   32|          0|
    |gmem0_addr_read_117_reg_4524                                 |   32|   0|   32|          0|
    |gmem0_addr_read_118_reg_4529                                 |   32|   0|   32|          0|
    |gmem0_addr_read_119_reg_4534                                 |   32|   0|   32|          0|
    |gmem0_addr_read_11_reg_3994                                  |   32|   0|   32|          0|
    |gmem0_addr_read_120_reg_4539                                 |   32|   0|   32|          0|
    |gmem0_addr_read_121_reg_4544                                 |   32|   0|   32|          0|
    |gmem0_addr_read_122_reg_4549                                 |   32|   0|   32|          0|
    |gmem0_addr_read_123_reg_4554                                 |   32|   0|   32|          0|
    |gmem0_addr_read_124_reg_4559                                 |   32|   0|   32|          0|
    |gmem0_addr_read_125_reg_4564                                 |   32|   0|   32|          0|
    |gmem0_addr_read_126_reg_4569                                 |   32|   0|   32|          0|
    |gmem0_addr_read_127_reg_4574                                 |   32|   0|   32|          0|
    |gmem0_addr_read_12_reg_3999                                  |   32|   0|   32|          0|
    |gmem0_addr_read_13_reg_4004                                  |   32|   0|   32|          0|
    |gmem0_addr_read_14_reg_4009                                  |   32|   0|   32|          0|
    |gmem0_addr_read_15_reg_4014                                  |   32|   0|   32|          0|
    |gmem0_addr_read_16_reg_4019                                  |   32|   0|   32|          0|
    |gmem0_addr_read_17_reg_4024                                  |   32|   0|   32|          0|
    |gmem0_addr_read_18_reg_4029                                  |   32|   0|   32|          0|
    |gmem0_addr_read_19_reg_4034                                  |   32|   0|   32|          0|
    |gmem0_addr_read_1_reg_3944                                   |   32|   0|   32|          0|
    |gmem0_addr_read_20_reg_4039                                  |   32|   0|   32|          0|
    |gmem0_addr_read_21_reg_4044                                  |   32|   0|   32|          0|
    |gmem0_addr_read_22_reg_4049                                  |   32|   0|   32|          0|
    |gmem0_addr_read_23_reg_4054                                  |   32|   0|   32|          0|
    |gmem0_addr_read_24_reg_4059                                  |   32|   0|   32|          0|
    |gmem0_addr_read_25_reg_4064                                  |   32|   0|   32|          0|
    |gmem0_addr_read_26_reg_4069                                  |   32|   0|   32|          0|
    |gmem0_addr_read_27_reg_4074                                  |   32|   0|   32|          0|
    |gmem0_addr_read_28_reg_4079                                  |   32|   0|   32|          0|
    |gmem0_addr_read_29_reg_4084                                  |   32|   0|   32|          0|
    |gmem0_addr_read_2_reg_3949                                   |   32|   0|   32|          0|
    |gmem0_addr_read_30_reg_4089                                  |   32|   0|   32|          0|
    |gmem0_addr_read_31_reg_4094                                  |   32|   0|   32|          0|
    |gmem0_addr_read_32_reg_4099                                  |   32|   0|   32|          0|
    |gmem0_addr_read_33_reg_4104                                  |   32|   0|   32|          0|
    |gmem0_addr_read_34_reg_4109                                  |   32|   0|   32|          0|
    |gmem0_addr_read_35_reg_4114                                  |   32|   0|   32|          0|
    |gmem0_addr_read_36_reg_4119                                  |   32|   0|   32|          0|
    |gmem0_addr_read_37_reg_4124                                  |   32|   0|   32|          0|
    |gmem0_addr_read_38_reg_4129                                  |   32|   0|   32|          0|
    |gmem0_addr_read_39_reg_4134                                  |   32|   0|   32|          0|
    |gmem0_addr_read_3_reg_3954                                   |   32|   0|   32|          0|
    |gmem0_addr_read_40_reg_4139                                  |   32|   0|   32|          0|
    |gmem0_addr_read_41_reg_4144                                  |   32|   0|   32|          0|
    |gmem0_addr_read_42_reg_4149                                  |   32|   0|   32|          0|
    |gmem0_addr_read_43_reg_4154                                  |   32|   0|   32|          0|
    |gmem0_addr_read_44_reg_4159                                  |   32|   0|   32|          0|
    |gmem0_addr_read_45_reg_4164                                  |   32|   0|   32|          0|
    |gmem0_addr_read_46_reg_4169                                  |   32|   0|   32|          0|
    |gmem0_addr_read_47_reg_4174                                  |   32|   0|   32|          0|
    |gmem0_addr_read_48_reg_4179                                  |   32|   0|   32|          0|
    |gmem0_addr_read_49_reg_4184                                  |   32|   0|   32|          0|
    |gmem0_addr_read_4_reg_3959                                   |   32|   0|   32|          0|
    |gmem0_addr_read_50_reg_4189                                  |   32|   0|   32|          0|
    |gmem0_addr_read_51_reg_4194                                  |   32|   0|   32|          0|
    |gmem0_addr_read_52_reg_4199                                  |   32|   0|   32|          0|
    |gmem0_addr_read_53_reg_4204                                  |   32|   0|   32|          0|
    |gmem0_addr_read_54_reg_4209                                  |   32|   0|   32|          0|
    |gmem0_addr_read_55_reg_4214                                  |   32|   0|   32|          0|
    |gmem0_addr_read_56_reg_4219                                  |   32|   0|   32|          0|
    |gmem0_addr_read_57_reg_4224                                  |   32|   0|   32|          0|
    |gmem0_addr_read_58_reg_4229                                  |   32|   0|   32|          0|
    |gmem0_addr_read_59_reg_4234                                  |   32|   0|   32|          0|
    |gmem0_addr_read_5_reg_3964                                   |   32|   0|   32|          0|
    |gmem0_addr_read_60_reg_4239                                  |   32|   0|   32|          0|
    |gmem0_addr_read_61_reg_4244                                  |   32|   0|   32|          0|
    |gmem0_addr_read_62_reg_4249                                  |   32|   0|   32|          0|
    |gmem0_addr_read_63_reg_4254                                  |   32|   0|   32|          0|
    |gmem0_addr_read_64_reg_4259                                  |   32|   0|   32|          0|
    |gmem0_addr_read_65_reg_4264                                  |   32|   0|   32|          0|
    |gmem0_addr_read_66_reg_4269                                  |   32|   0|   32|          0|
    |gmem0_addr_read_67_reg_4274                                  |   32|   0|   32|          0|
    |gmem0_addr_read_68_reg_4279                                  |   32|   0|   32|          0|
    |gmem0_addr_read_69_reg_4284                                  |   32|   0|   32|          0|
    |gmem0_addr_read_6_reg_3969                                   |   32|   0|   32|          0|
    |gmem0_addr_read_70_reg_4289                                  |   32|   0|   32|          0|
    |gmem0_addr_read_71_reg_4294                                  |   32|   0|   32|          0|
    |gmem0_addr_read_72_reg_4299                                  |   32|   0|   32|          0|
    |gmem0_addr_read_73_reg_4304                                  |   32|   0|   32|          0|
    |gmem0_addr_read_74_reg_4309                                  |   32|   0|   32|          0|
    |gmem0_addr_read_75_reg_4314                                  |   32|   0|   32|          0|
    |gmem0_addr_read_76_reg_4319                                  |   32|   0|   32|          0|
    |gmem0_addr_read_77_reg_4324                                  |   32|   0|   32|          0|
    |gmem0_addr_read_78_reg_4329                                  |   32|   0|   32|          0|
    |gmem0_addr_read_79_reg_4334                                  |   32|   0|   32|          0|
    |gmem0_addr_read_7_reg_3974                                   |   32|   0|   32|          0|
    |gmem0_addr_read_80_reg_4339                                  |   32|   0|   32|          0|
    |gmem0_addr_read_81_reg_4344                                  |   32|   0|   32|          0|
    |gmem0_addr_read_82_reg_4349                                  |   32|   0|   32|          0|
    |gmem0_addr_read_83_reg_4354                                  |   32|   0|   32|          0|
    |gmem0_addr_read_84_reg_4359                                  |   32|   0|   32|          0|
    |gmem0_addr_read_85_reg_4364                                  |   32|   0|   32|          0|
    |gmem0_addr_read_86_reg_4369                                  |   32|   0|   32|          0|
    |gmem0_addr_read_87_reg_4374                                  |   32|   0|   32|          0|
    |gmem0_addr_read_88_reg_4379                                  |   32|   0|   32|          0|
    |gmem0_addr_read_89_reg_4384                                  |   32|   0|   32|          0|
    |gmem0_addr_read_8_reg_3979                                   |   32|   0|   32|          0|
    |gmem0_addr_read_90_reg_4389                                  |   32|   0|   32|          0|
    |gmem0_addr_read_91_reg_4394                                  |   32|   0|   32|          0|
    |gmem0_addr_read_92_reg_4399                                  |   32|   0|   32|          0|
    |gmem0_addr_read_93_reg_4404                                  |   32|   0|   32|          0|
    |gmem0_addr_read_94_reg_4409                                  |   32|   0|   32|          0|
    |gmem0_addr_read_95_reg_4414                                  |   32|   0|   32|          0|
    |gmem0_addr_read_96_reg_4419                                  |   32|   0|   32|          0|
    |gmem0_addr_read_97_reg_4424                                  |   32|   0|   32|          0|
    |gmem0_addr_read_98_reg_4429                                  |   32|   0|   32|          0|
    |gmem0_addr_read_99_reg_4434                                  |   32|   0|   32|          0|
    |gmem0_addr_read_9_reg_3984                                   |   32|   0|   32|          0|
    |gmem0_addr_read_reg_3939                                     |   32|   0|   32|          0|
    |gmem0_addr_reg_3285                                          |   64|   0|   64|          0|
    |grp_gemm_kernel_Pipeline_compute_middle_fu_384_ap_start_reg  |    1|   0|    1|          0|
    |i_fu_342                                                     |    8|   0|    8|          0|
    |p_cast100_reg_3796                                           |   62|   0|   62|          0|
    |p_cast101_reg_3801                                           |   62|   0|   62|          0|
    |p_cast102_reg_3806                                           |   62|   0|   62|          0|
    |p_cast103_reg_3811                                           |   62|   0|   62|          0|
    |p_cast104_reg_3816                                           |   62|   0|   62|          0|
    |p_cast105_reg_3821                                           |   62|   0|   62|          0|
    |p_cast106_reg_3826                                           |   62|   0|   62|          0|
    |p_cast107_reg_3831                                           |   62|   0|   62|          0|
    |p_cast108_reg_3836                                           |   62|   0|   62|          0|
    |p_cast109_reg_3841                                           |   62|   0|   62|          0|
    |p_cast10_reg_3346                                            |   62|   0|   62|          0|
    |p_cast110_reg_3846                                           |   62|   0|   62|          0|
    |p_cast111_reg_3851                                           |   62|   0|   62|          0|
    |p_cast112_reg_3856                                           |   62|   0|   62|          0|
    |p_cast113_reg_3861                                           |   62|   0|   62|          0|
    |p_cast114_reg_3866                                           |   62|   0|   62|          0|
    |p_cast115_reg_3871                                           |   62|   0|   62|          0|
    |p_cast116_reg_3876                                           |   62|   0|   62|          0|
    |p_cast117_reg_3881                                           |   62|   0|   62|          0|
    |p_cast118_reg_3886                                           |   62|   0|   62|          0|
    |p_cast119_reg_3891                                           |   62|   0|   62|          0|
    |p_cast11_reg_3351                                            |   62|   0|   62|          0|
    |p_cast120_reg_3896                                           |   62|   0|   62|          0|
    |p_cast121_reg_3901                                           |   62|   0|   62|          0|
    |p_cast122_reg_3906                                           |   62|   0|   62|          0|
    |p_cast123_reg_3911                                           |   62|   0|   62|          0|
    |p_cast124_reg_3916                                           |   62|   0|   62|          0|
    |p_cast125_reg_3921                                           |   62|   0|   62|          0|
    |p_cast126_reg_3926                                           |   62|   0|   62|          0|
    |p_cast127_reg_3931                                           |   62|   0|   62|          0|
    |p_cast12_reg_3356                                            |   62|   0|   62|          0|
    |p_cast13_reg_3361                                            |   62|   0|   62|          0|
    |p_cast14_reg_3366                                            |   62|   0|   62|          0|
    |p_cast15_reg_3371                                            |   62|   0|   62|          0|
    |p_cast16_reg_3376                                            |   62|   0|   62|          0|
    |p_cast17_reg_3381                                            |   62|   0|   62|          0|
    |p_cast18_reg_3386                                            |   62|   0|   62|          0|
    |p_cast19_reg_3391                                            |   62|   0|   62|          0|
    |p_cast1_reg_3301                                             |   62|   0|   62|          0|
    |p_cast20_reg_3396                                            |   62|   0|   62|          0|
    |p_cast21_reg_3401                                            |   62|   0|   62|          0|
    |p_cast22_reg_3406                                            |   62|   0|   62|          0|
    |p_cast23_reg_3411                                            |   62|   0|   62|          0|
    |p_cast24_reg_3416                                            |   62|   0|   62|          0|
    |p_cast25_reg_3421                                            |   62|   0|   62|          0|
    |p_cast26_reg_3426                                            |   62|   0|   62|          0|
    |p_cast27_reg_3431                                            |   62|   0|   62|          0|
    |p_cast28_reg_3436                                            |   62|   0|   62|          0|
    |p_cast29_reg_3441                                            |   62|   0|   62|          0|
    |p_cast2_reg_3306                                             |   62|   0|   62|          0|
    |p_cast30_reg_3446                                            |   62|   0|   62|          0|
    |p_cast31_reg_3451                                            |   62|   0|   62|          0|
    |p_cast32_reg_3456                                            |   62|   0|   62|          0|
    |p_cast33_reg_3461                                            |   62|   0|   62|          0|
    |p_cast34_reg_3466                                            |   62|   0|   62|          0|
    |p_cast35_reg_3471                                            |   62|   0|   62|          0|
    |p_cast36_reg_3476                                            |   62|   0|   62|          0|
    |p_cast37_reg_3481                                            |   62|   0|   62|          0|
    |p_cast38_reg_3486                                            |   62|   0|   62|          0|
    |p_cast39_reg_3491                                            |   62|   0|   62|          0|
    |p_cast3_reg_3311                                             |   62|   0|   62|          0|
    |p_cast40_reg_3496                                            |   62|   0|   62|          0|
    |p_cast41_reg_3501                                            |   62|   0|   62|          0|
    |p_cast42_reg_3506                                            |   62|   0|   62|          0|
    |p_cast43_reg_3511                                            |   62|   0|   62|          0|
    |p_cast44_reg_3516                                            |   62|   0|   62|          0|
    |p_cast45_reg_3521                                            |   62|   0|   62|          0|
    |p_cast46_reg_3526                                            |   62|   0|   62|          0|
    |p_cast47_reg_3531                                            |   62|   0|   62|          0|
    |p_cast48_reg_3536                                            |   62|   0|   62|          0|
    |p_cast49_reg_3541                                            |   62|   0|   62|          0|
    |p_cast4_reg_3316                                             |   62|   0|   62|          0|
    |p_cast50_reg_3546                                            |   62|   0|   62|          0|
    |p_cast51_reg_3551                                            |   62|   0|   62|          0|
    |p_cast52_reg_3556                                            |   62|   0|   62|          0|
    |p_cast53_reg_3561                                            |   62|   0|   62|          0|
    |p_cast54_reg_3566                                            |   62|   0|   62|          0|
    |p_cast55_reg_3571                                            |   62|   0|   62|          0|
    |p_cast56_reg_3576                                            |   62|   0|   62|          0|
    |p_cast57_reg_3581                                            |   62|   0|   62|          0|
    |p_cast58_reg_3586                                            |   62|   0|   62|          0|
    |p_cast59_reg_3591                                            |   62|   0|   62|          0|
    |p_cast5_reg_3321                                             |   62|   0|   62|          0|
    |p_cast60_reg_3596                                            |   62|   0|   62|          0|
    |p_cast61_reg_3601                                            |   62|   0|   62|          0|
    |p_cast62_reg_3606                                            |   62|   0|   62|          0|
    |p_cast63_reg_3611                                            |   62|   0|   62|          0|
    |p_cast64_reg_3616                                            |   62|   0|   62|          0|
    |p_cast65_reg_3621                                            |   62|   0|   62|          0|
    |p_cast66_reg_3626                                            |   62|   0|   62|          0|
    |p_cast67_reg_3631                                            |   62|   0|   62|          0|
    |p_cast68_reg_3636                                            |   62|   0|   62|          0|
    |p_cast69_reg_3641                                            |   62|   0|   62|          0|
    |p_cast6_reg_3326                                             |   62|   0|   62|          0|
    |p_cast70_reg_3646                                            |   62|   0|   62|          0|
    |p_cast71_reg_3651                                            |   62|   0|   62|          0|
    |p_cast72_reg_3656                                            |   62|   0|   62|          0|
    |p_cast73_reg_3661                                            |   62|   0|   62|          0|
    |p_cast74_reg_3666                                            |   62|   0|   62|          0|
    |p_cast75_reg_3671                                            |   62|   0|   62|          0|
    |p_cast76_reg_3676                                            |   62|   0|   62|          0|
    |p_cast77_reg_3681                                            |   62|   0|   62|          0|
    |p_cast78_reg_3686                                            |   62|   0|   62|          0|
    |p_cast79_reg_3691                                            |   62|   0|   62|          0|
    |p_cast7_reg_3331                                             |   62|   0|   62|          0|
    |p_cast80_reg_3696                                            |   62|   0|   62|          0|
    |p_cast81_reg_3701                                            |   62|   0|   62|          0|
    |p_cast82_reg_3706                                            |   62|   0|   62|          0|
    |p_cast83_reg_3711                                            |   62|   0|   62|          0|
    |p_cast84_reg_3716                                            |   62|   0|   62|          0|
    |p_cast85_reg_3721                                            |   62|   0|   62|          0|
    |p_cast86_reg_3726                                            |   62|   0|   62|          0|
    |p_cast87_reg_3731                                            |   62|   0|   62|          0|
    |p_cast88_reg_3736                                            |   62|   0|   62|          0|
    |p_cast89_reg_3741                                            |   62|   0|   62|          0|
    |p_cast8_reg_3336                                             |   62|   0|   62|          0|
    |p_cast90_reg_3746                                            |   62|   0|   62|          0|
    |p_cast91_reg_3751                                            |   62|   0|   62|          0|
    |p_cast92_reg_3756                                            |   62|   0|   62|          0|
    |p_cast93_reg_3761                                            |   62|   0|   62|          0|
    |p_cast94_reg_3766                                            |   62|   0|   62|          0|
    |p_cast95_reg_3771                                            |   62|   0|   62|          0|
    |p_cast96_reg_3776                                            |   62|   0|   62|          0|
    |p_cast97_reg_3781                                            |   62|   0|   62|          0|
    |p_cast98_reg_3786                                            |   62|   0|   62|          0|
    |p_cast99_reg_3791                                            |   62|   0|   62|          0|
    |p_cast9_reg_3341                                             |   62|   0|   62|          0|
    |p_cast_reg_3291                                              |   62|   0|   62|          0|
    |trunc_ln_reg_3279                                            |   62|   0|   62|          0|
    +-------------------------------------------------------------+-----+----+-----+-----------+
    |Total                                                        |16472|   0|16472|          0|
    +-------------------------------------------------------------+-----+----+-----+-----------+



================================================================
== Interface
================================================================
* Summary: 
+-------------------------+-----+-----+------------+--------------+--------------+
|        RTL Ports        | Dir | Bits|  Protocol  | Source Object|    C Type    |
+-------------------------+-----+-----+------------+--------------+--------------+
|s_axi_control_AWVALID    |   in|    1|       s_axi|       control|   return void|
|s_axi_control_AWREADY    |  out|    1|       s_axi|       control|   return void|
|s_axi_control_AWADDR     |   in|    4|       s_axi|       control|   return void|
|s_axi_control_WVALID     |   in|    1|       s_axi|       control|   return void|
|s_axi_control_WREADY     |  out|    1|       s_axi|       control|   return void|
|s_axi_control_WDATA      |   in|   32|       s_axi|       control|   return void|
|s_axi_control_WSTRB      |   in|    4|       s_axi|       control|   return void|
|s_axi_control_ARVALID    |   in|    1|       s_axi|       control|   return void|
|s_axi_control_ARREADY    |  out|    1|       s_axi|       control|   return void|
|s_axi_control_ARADDR     |   in|    4|       s_axi|       control|   return void|
|s_axi_control_RVALID     |  out|    1|       s_axi|       control|   return void|
|s_axi_control_RREADY     |   in|    1|       s_axi|       control|   return void|
|s_axi_control_RDATA      |  out|   32|       s_axi|       control|   return void|
|s_axi_control_RRESP      |  out|    2|       s_axi|       control|   return void|
|s_axi_control_BVALID     |  out|    1|       s_axi|       control|   return void|
|s_axi_control_BREADY     |   in|    1|       s_axi|       control|   return void|
|s_axi_control_BRESP      |  out|    2|       s_axi|       control|   return void|
|s_axi_control_r_AWVALID  |   in|    1|       s_axi|     control_r|        scalar|
|s_axi_control_r_AWREADY  |  out|    1|       s_axi|     control_r|        scalar|
|s_axi_control_r_AWADDR   |   in|    6|       s_axi|     control_r|        scalar|
|s_axi_control_r_WVALID   |   in|    1|       s_axi|     control_r|        scalar|
|s_axi_control_r_WREADY   |  out|    1|       s_axi|     control_r|        scalar|
|s_axi_control_r_WDATA    |   in|   32|       s_axi|     control_r|        scalar|
|s_axi_control_r_WSTRB    |   in|    4|       s_axi|     control_r|        scalar|
|s_axi_control_r_ARVALID  |   in|    1|       s_axi|     control_r|        scalar|
|s_axi_control_r_ARREADY  |  out|    1|       s_axi|     control_r|        scalar|
|s_axi_control_r_ARADDR   |   in|    6|       s_axi|     control_r|        scalar|
|s_axi_control_r_RVALID   |  out|    1|       s_axi|     control_r|        scalar|
|s_axi_control_r_RREADY   |   in|    1|       s_axi|     control_r|        scalar|
|s_axi_control_r_RDATA    |  out|   32|       s_axi|     control_r|        scalar|
|s_axi_control_r_RRESP    |  out|    2|       s_axi|     control_r|        scalar|
|s_axi_control_r_BVALID   |  out|    1|       s_axi|     control_r|        scalar|
|s_axi_control_r_BREADY   |   in|    1|       s_axi|     control_r|        scalar|
|s_axi_control_r_BRESP    |  out|    2|       s_axi|     control_r|        scalar|
|ap_clk                   |   in|    1|  ap_ctrl_hs|   gemm_kernel|  return value|
|ap_rst_n                 |   in|    1|  ap_ctrl_hs|   gemm_kernel|  return value|
|interrupt                |  out|    1|  ap_ctrl_hs|   gemm_kernel|  return value|
|m_axi_gmem0_AWVALID      |  out|    1|       m_axi|         gmem0|       pointer|
|m_axi_gmem0_AWREADY      |   in|    1|       m_axi|         gmem0|       pointer|
|m_axi_gmem0_AWADDR       |  out|   64|       m_axi|         gmem0|       pointer|
|m_axi_gmem0_AWID         |  out|    1|       m_axi|         gmem0|       pointer|
|m_axi_gmem0_AWLEN        |  out|    8|       m_axi|         gmem0|       pointer|
|m_axi_gmem0_AWSIZE       |  out|    3|       m_axi|         gmem0|       pointer|
|m_axi_gmem0_AWBURST      |  out|    2|       m_axi|         gmem0|       pointer|
|m_axi_gmem0_AWLOCK       |  out|    2|       m_axi|         gmem0|       pointer|
|m_axi_gmem0_AWCACHE      |  out|    4|       m_axi|         gmem0|       pointer|
|m_axi_gmem0_AWPROT       |  out|    3|       m_axi|         gmem0|       pointer|
|m_axi_gmem0_AWQOS        |  out|    4|       m_axi|         gmem0|       pointer|
|m_axi_gmem0_AWREGION     |  out|    4|       m_axi|         gmem0|       pointer|
|m_axi_gmem0_AWUSER       |  out|    1|       m_axi|         gmem0|       pointer|
|m_axi_gmem0_WVALID       |  out|    1|       m_axi|         gmem0|       pointer|
|m_axi_gmem0_WREADY       |   in|    1|       m_axi|         gmem0|       pointer|
|m_axi_gmem0_WDATA        |  out|   32|       m_axi|         gmem0|       pointer|
|m_axi_gmem0_WSTRB        |  out|    4|       m_axi|         gmem0|       pointer|
|m_axi_gmem0_WLAST        |  out|    1|       m_axi|         gmem0|       pointer|
|m_axi_gmem0_WID          |  out|    1|       m_axi|         gmem0|       pointer|
|m_axi_gmem0_WUSER        |  out|    1|       m_axi|         gmem0|       pointer|
|m_axi_gmem0_ARVALID      |  out|    1|       m_axi|         gmem0|       pointer|
|m_axi_gmem0_ARREADY      |   in|    1|       m_axi|         gmem0|       pointer|
|m_axi_gmem0_ARADDR       |  out|   64|       m_axi|         gmem0|       pointer|
|m_axi_gmem0_ARID         |  out|    1|       m_axi|         gmem0|       pointer|
|m_axi_gmem0_ARLEN        |  out|    8|       m_axi|         gmem0|       pointer|
|m_axi_gmem0_ARSIZE       |  out|    3|       m_axi|         gmem0|       pointer|
|m_axi_gmem0_ARBURST      |  out|    2|       m_axi|         gmem0|       pointer|
|m_axi_gmem0_ARLOCK       |  out|    2|       m_axi|         gmem0|       pointer|
|m_axi_gmem0_ARCACHE      |  out|    4|       m_axi|         gmem0|       pointer|
|m_axi_gmem0_ARPROT       |  out|    3|       m_axi|         gmem0|       pointer|
|m_axi_gmem0_ARQOS        |  out|    4|       m_axi|         gmem0|       pointer|
|m_axi_gmem0_ARREGION     |  out|    4|       m_axi|         gmem0|       pointer|
|m_axi_gmem0_ARUSER       |  out|    1|       m_axi|         gmem0|       pointer|
|m_axi_gmem0_RVALID       |   in|    1|       m_axi|         gmem0|       pointer|
|m_axi_gmem0_RREADY       |  out|    1|       m_axi|         gmem0|       pointer|
|m_axi_gmem0_RDATA        |   in|   32|       m_axi|         gmem0|       pointer|
|m_axi_gmem0_RLAST        |   in|    1|       m_axi|         gmem0|       pointer|
|m_axi_gmem0_RID          |   in|    1|       m_axi|         gmem0|       pointer|
|m_axi_gmem0_RUSER        |   in|    1|       m_axi|         gmem0|       pointer|
|m_axi_gmem0_RRESP        |   in|    2|       m_axi|         gmem0|       pointer|
|m_axi_gmem0_BVALID       |   in|    1|       m_axi|         gmem0|       pointer|
|m_axi_gmem0_BREADY       |  out|    1|       m_axi|         gmem0|       pointer|
|m_axi_gmem0_BRESP        |   in|    2|       m_axi|         gmem0|       pointer|
|m_axi_gmem0_BID          |   in|    1|       m_axi|         gmem0|       pointer|
|m_axi_gmem0_BUSER        |   in|    1|       m_axi|         gmem0|       pointer|
|m_axi_gmem1_AWVALID      |  out|    1|       m_axi|         gmem1|       pointer|
|m_axi_gmem1_AWREADY      |   in|    1|       m_axi|         gmem1|       pointer|
|m_axi_gmem1_AWADDR       |  out|   64|       m_axi|         gmem1|       pointer|
|m_axi_gmem1_AWID         |  out|    1|       m_axi|         gmem1|       pointer|
|m_axi_gmem1_AWLEN        |  out|    8|       m_axi|         gmem1|       pointer|
|m_axi_gmem1_AWSIZE       |  out|    3|       m_axi|         gmem1|       pointer|
|m_axi_gmem1_AWBURST      |  out|    2|       m_axi|         gmem1|       pointer|
|m_axi_gmem1_AWLOCK       |  out|    2|       m_axi|         gmem1|       pointer|
|m_axi_gmem1_AWCACHE      |  out|    4|       m_axi|         gmem1|       pointer|
|m_axi_gmem1_AWPROT       |  out|    3|       m_axi|         gmem1|       pointer|
|m_axi_gmem1_AWQOS        |  out|    4|       m_axi|         gmem1|       pointer|
|m_axi_gmem1_AWREGION     |  out|    4|       m_axi|         gmem1|       pointer|
|m_axi_gmem1_AWUSER       |  out|    1|       m_axi|         gmem1|       pointer|
|m_axi_gmem1_WVALID       |  out|    1|       m_axi|         gmem1|       pointer|
|m_axi_gmem1_WREADY       |   in|    1|       m_axi|         gmem1|       pointer|
|m_axi_gmem1_WDATA        |  out|   32|       m_axi|         gmem1|       pointer|
|m_axi_gmem1_WSTRB        |  out|    4|       m_axi|         gmem1|       pointer|
|m_axi_gmem1_WLAST        |  out|    1|       m_axi|         gmem1|       pointer|
|m_axi_gmem1_WID          |  out|    1|       m_axi|         gmem1|       pointer|
|m_axi_gmem1_WUSER        |  out|    1|       m_axi|         gmem1|       pointer|
|m_axi_gmem1_ARVALID      |  out|    1|       m_axi|         gmem1|       pointer|
|m_axi_gmem1_ARREADY      |   in|    1|       m_axi|         gmem1|       pointer|
|m_axi_gmem1_ARADDR       |  out|   64|       m_axi|         gmem1|       pointer|
|m_axi_gmem1_ARID         |  out|    1|       m_axi|         gmem1|       pointer|
|m_axi_gmem1_ARLEN        |  out|    8|       m_axi|         gmem1|       pointer|
|m_axi_gmem1_ARSIZE       |  out|    3|       m_axi|         gmem1|       pointer|
|m_axi_gmem1_ARBURST      |  out|    2|       m_axi|         gmem1|       pointer|
|m_axi_gmem1_ARLOCK       |  out|    2|       m_axi|         gmem1|       pointer|
|m_axi_gmem1_ARCACHE      |  out|    4|       m_axi|         gmem1|       pointer|
|m_axi_gmem1_ARPROT       |  out|    3|       m_axi|         gmem1|       pointer|
|m_axi_gmem1_ARQOS        |  out|    4|       m_axi|         gmem1|       pointer|
|m_axi_gmem1_ARREGION     |  out|    4|       m_axi|         gmem1|       pointer|
|m_axi_gmem1_ARUSER       |  out|    1|       m_axi|         gmem1|       pointer|
|m_axi_gmem1_RVALID       |   in|    1|       m_axi|         gmem1|       pointer|
|m_axi_gmem1_RREADY       |  out|    1|       m_axi|         gmem1|       pointer|
|m_axi_gmem1_RDATA        |   in|   32|       m_axi|         gmem1|       pointer|
|m_axi_gmem1_RLAST        |   in|    1|       m_axi|         gmem1|       pointer|
|m_axi_gmem1_RID          |   in|    1|       m_axi|         gmem1|       pointer|
|m_axi_gmem1_RUSER        |   in|    1|       m_axi|         gmem1|       pointer|
|m_axi_gmem1_RRESP        |   in|    2|       m_axi|         gmem1|       pointer|
|m_axi_gmem1_BVALID       |   in|    1|       m_axi|         gmem1|       pointer|
|m_axi_gmem1_BREADY       |  out|    1|       m_axi|         gmem1|       pointer|
|m_axi_gmem1_BRESP        |   in|    2|       m_axi|         gmem1|       pointer|
|m_axi_gmem1_BID          |   in|    1|       m_axi|         gmem1|       pointer|
|m_axi_gmem1_BUSER        |   in|    1|       m_axi|         gmem1|       pointer|
|m_axi_gmem2_AWVALID      |  out|    1|       m_axi|         gmem2|       pointer|
|m_axi_gmem2_AWREADY      |   in|    1|       m_axi|         gmem2|       pointer|
|m_axi_gmem2_AWADDR       |  out|   64|       m_axi|         gmem2|       pointer|
|m_axi_gmem2_AWID         |  out|    1|       m_axi|         gmem2|       pointer|
|m_axi_gmem2_AWLEN        |  out|    8|       m_axi|         gmem2|       pointer|
|m_axi_gmem2_AWSIZE       |  out|    3|       m_axi|         gmem2|       pointer|
|m_axi_gmem2_AWBURST      |  out|    2|       m_axi|         gmem2|       pointer|
|m_axi_gmem2_AWLOCK       |  out|    2|       m_axi|         gmem2|       pointer|
|m_axi_gmem2_AWCACHE      |  out|    4|       m_axi|         gmem2|       pointer|
|m_axi_gmem2_AWPROT       |  out|    3|       m_axi|         gmem2|       pointer|
|m_axi_gmem2_AWQOS        |  out|    4|       m_axi|         gmem2|       pointer|
|m_axi_gmem2_AWREGION     |  out|    4|       m_axi|         gmem2|       pointer|
|m_axi_gmem2_AWUSER       |  out|    1|       m_axi|         gmem2|       pointer|
|m_axi_gmem2_WVALID       |  out|    1|       m_axi|         gmem2|       pointer|
|m_axi_gmem2_WREADY       |   in|    1|       m_axi|         gmem2|       pointer|
|m_axi_gmem2_WDATA        |  out|   32|       m_axi|         gmem2|       pointer|
|m_axi_gmem2_WSTRB        |  out|    4|       m_axi|         gmem2|       pointer|
|m_axi_gmem2_WLAST        |  out|    1|       m_axi|         gmem2|       pointer|
|m_axi_gmem2_WID          |  out|    1|       m_axi|         gmem2|       pointer|
|m_axi_gmem2_WUSER        |  out|    1|       m_axi|         gmem2|       pointer|
|m_axi_gmem2_ARVALID      |  out|    1|       m_axi|         gmem2|       pointer|
|m_axi_gmem2_ARREADY      |   in|    1|       m_axi|         gmem2|       pointer|
|m_axi_gmem2_ARADDR       |  out|   64|       m_axi|         gmem2|       pointer|
|m_axi_gmem2_ARID         |  out|    1|       m_axi|         gmem2|       pointer|
|m_axi_gmem2_ARLEN        |  out|    8|       m_axi|         gmem2|       pointer|
|m_axi_gmem2_ARSIZE       |  out|    3|       m_axi|         gmem2|       pointer|
|m_axi_gmem2_ARBURST      |  out|    2|       m_axi|         gmem2|       pointer|
|m_axi_gmem2_ARLOCK       |  out|    2|       m_axi|         gmem2|       pointer|
|m_axi_gmem2_ARCACHE      |  out|    4|       m_axi|         gmem2|       pointer|
|m_axi_gmem2_ARPROT       |  out|    3|       m_axi|         gmem2|       pointer|
|m_axi_gmem2_ARQOS        |  out|    4|       m_axi|         gmem2|       pointer|
|m_axi_gmem2_ARREGION     |  out|    4|       m_axi|         gmem2|       pointer|
|m_axi_gmem2_ARUSER       |  out|    1|       m_axi|         gmem2|       pointer|
|m_axi_gmem2_RVALID       |   in|    1|       m_axi|         gmem2|       pointer|
|m_axi_gmem2_RREADY       |  out|    1|       m_axi|         gmem2|       pointer|
|m_axi_gmem2_RDATA        |   in|   32|       m_axi|         gmem2|       pointer|
|m_axi_gmem2_RLAST        |   in|    1|       m_axi|         gmem2|       pointer|
|m_axi_gmem2_RID          |   in|    1|       m_axi|         gmem2|       pointer|
|m_axi_gmem2_RUSER        |   in|    1|       m_axi|         gmem2|       pointer|
|m_axi_gmem2_RRESP        |   in|    2|       m_axi|         gmem2|       pointer|
|m_axi_gmem2_BVALID       |   in|    1|       m_axi|         gmem2|       pointer|
|m_axi_gmem2_BREADY       |  out|    1|       m_axi|         gmem2|       pointer|
|m_axi_gmem2_BRESP        |   in|    2|       m_axi|         gmem2|       pointer|
|m_axi_gmem2_BID          |   in|    1|       m_axi|         gmem2|       pointer|
|m_axi_gmem2_BUSER        |   in|    1|       m_axi|         gmem2|       pointer|
+-------------------------+-----+-----+------------+--------------+--------------+

